{"tool":"phpunit","result":"failed","tests":1,"passed":0,"assertions":2,"duration_ms":723,"errors":1,"error_details":[{"test":"Tests\\Feature\\FullSystemTest::test_products_store","file":"C:\\Users\\Pc\\Herd\\patpot\\tests\\Feature\\FullSystemTest.php","line":66,"message":"Call to a member function all() on array"}]}
